MySQL Shell 8.0.31

Copyright (c) 2016, 2022, Oracle and/or its affiliates.
Oracle is a registered trademark of Oracle Corporation and/or its affiliates.
Other names may be trademarks of their respective owners.

Type '\help' or '\?' for help; '\quit' to exit.
 MySQL  JS > \sql
Switching to SQL mode... Commands end with ;
 MySQL  SQL > \help
The Shell Help is organized in categories and topics. To get help for a
specific category or topic use: \? <pattern>

The <pattern> argument should be the name of a category or a topic.

The pattern is a filter to identify topics for which help is required, it can
use the following wildcards:

- ? matches any single character.
- * matches any character sequence.

The following are the main help categories:

 - Shell Commands Provides details about the available built-in shell commands.
 - SQL Syntax     Entry point to retrieve syntax help on SQL statements.

The available topics include:

- The available shell commands.
- Any word that is part of an SQL statement.
- Command Line - invoking built-in shell functions without entering interactive
  mode.

SHELL COMMANDS

The shell commands allow executing specific operations including updating the
shell configuration.

The following shell commands are available:

 - \                   Start multi-line input when in SQL mode.
 - \connect    (\c)    Connects the shell to a MySQL server and assigns the
                       global session.
 - \disconnect         Disconnects the global session.
 - \edit       (\e)    Launch a system editor to edit a command to be executed.
 - \exit               Exits the MySQL Shell, same as \quit.
 - \G                  Send command to mysql server, display result vertically.
 - \g                  Send command to mysql server.
 - \help       (\?,\h) Prints help information about a specific topic.
 - \history            View and edit command line history.
 - \js                 Switches to JavaScript processing mode.
 - \nopager            Disables the current pager.
 - \nowarnings (\w)    Don't show warnings after every statement.
 - \option             Allows working with the available shell options.
 - \pager      (\P)    Sets the current pager.
 - \py                 Switches to Python processing mode.
 - \quit       (\q)    Exits the MySQL Shell.
 - \reconnect          Reconnects the global session.
 - \rehash             Refresh the autocompletion cache.
 - \show               Executes the given report with provided options and
                       arguments.
 - \source     (\.)    Loads and executes a script from a file.
 - \sql                Executes SQL statement or switches to SQL processing
                       mode when no statement is given.
 - \status     (\s)    Print information about the current global session.
 - \system     (\!)    Execute a system shell command.
 - \use        (\u)    Sets the active schema.
 - \warnings   (\W)    Show warnings after every statement.
 - \watch              Executes the given report with provided options and
                       arguments in a loop.

EXAMPLES
\? sql syntax
      Displays the main SQL help categories.

\? select
      Displays information about the SELECT SQL statement.
 MySQL  SQL > \connect --mc root@Localhost
Creating a Classic session to 'root@Localhost'
Please provide the password for 'root@Localhost': ****
Save password for 'root@Localhost'? [Y]es/[N]o/Ne[v]er (default No): N
Fetching global names for auto-completion... Press ^C to stop.
Your MySQL connection id is 8
Server version: 8.0.31 MySQL Community Server - GPL
No default schema selected; type \use <schema> to set one.
 MySQL  Localhost:3306 ssl  SQL > show databases;
+--------------------+
| Database           |
+--------------------+
| information_schema |
| mysql              |
| performance_schema |
| sakila             |
| sys                |
| world              |
+--------------------+
6 rows in set (0.0025 sec)
 MySQL  Localhost:3306 ssl  SQL > create database evaluacion_1;
Query OK, 1 row affected (0.0199 sec)
 MySQL  Localhost:3306 ssl  SQL > show databases;
+--------------------+
| Database           |
+--------------------+
| evaluacion_1       |
| information_schema |
| mysql              |
| performance_schema |
| sakila             |
| sys                |
| world              |
+--------------------+
7 rows in set (0.0015 sec)
 MySQL  Localhost:3306 ssl  SQL > create database evaluacion_1 if not exists;
ERROR: 1064 (42000): You have an error in your SQL syntax; check the manual that corresponds to your MySQL server version for the right syntax to use near 'if not exists' at line 1
 MySQL  Localhost:3306 ssl  SQL > create database if not exists evaluacion_1;
Query OK, 1 row affected, 1 warning (0.0026 sec)
Note (code 1007): Can't create database 'evaluacion_1'; database exists
 MySQL  Localhost:3306 ssl  SQL > \use evaluacion_1
Default schema set to `evaluacion_1`.
Fetching global names, object names from `evaluacion_1` for auto-completion... Press ^C to stop.
 MySQL  Localhost:3306 ssl  evaluacion_1  SQL > show tables;
Empty set (0.0184 sec)
 MySQL  Localhost:3306 ssl  evaluacion_1  SQL > drop evaluacion_1;
ERROR: 1064 (42000): You have an error in your SQL syntax; check the manual that corresponds to your MySQL server version for the right syntax to use near 'evaluacion_1' at line 1
 MySQL  Localhost:3306 ssl  evaluacion_1  SQL > show tables;
Empty set (0.0019 sec)
 MySQL  Localhost:3306 ssl  evaluacion_1  SQL > drop database evaluacion_1
                                             -> ;
Query OK, 0 rows affected (0.0273 sec)
 MySQL  Localhost:3306 ssl  evaluacion_1  SQL > show tables;
ERROR: 1046 (3D000): No database selected
 MySQL  Localhost:3306 ssl  evaluacion_1  SQL > \use world
Default schema set to `world`.
Fetching global names, object names from `world` for auto-completion... Press ^C to stop.
 MySQL  Localhost:3306 ssl  world  SQL > show databases;
+--------------------+
| Database           |
+--------------------+
| information_schema |
| mysql              |
| performance_schema |
| sakila             |
| sys                |
| world              |
+--------------------+
6 rows in set (0.0013 sec)
 MySQL  Localhost:3306 ssl  world  SQL > create database evaluacion_1;
Query OK, 1 row affected (0.0154 sec)
 MySQL  Localhost:3306 ssl  world  SQL > \use evaluacion_1
Default schema set to `evaluacion_1`.
Fetching global names, object names from `evaluacion_1` for auto-completion... Press ^C to stop.
 MySQL  Localhost:3306 ssl  evaluacion_1  SQL > create table primer tabla(id int, nombre varchar(50));
ERROR: 1064 (42000): You have an error in your SQL syntax; check the manual that corresponds to your MySQL server version for the right syntax to use near 'tabla(id int, nombre varchar(50))' at line 1
 MySQL  Localhost:3306 ssl  evaluacion_1  SQL > create table primer_tabla(id int, nombre varchar(50));
Query OK, 0 rows affected (0.0381 sec)
 MySQL  Localhost:3306 ssl  evaluacion_1  SQL > show tables;
+------------------------+
| Tables_in_evaluacion_1 |
+------------------------+
| primer_tabla           |
+------------------------+
1 row in set (0.0020 sec)
 MySQL  Localhost:3306 ssl  evaluacion_1  SQL > \use sakila
Default schema set to `sakila`.
Fetching global names, object names from `sakila` for auto-completion... Press ^C to stop.
 MySQL  Localhost:3306 ssl  sakila  SQL > drop database evaluacion_1;
Query OK, 1 row affected (0.0252 sec)
 MySQL  Localhost:3306 ssl  sakila  SQL > show databases
                                       -> ;
+--------------------+
| Database           |
+--------------------+
| information_schema |
| mysql              |
| performance_schema |
| sakila             |
| sys                |
| world              |
+--------------------+
6 rows in set (0.0013 sec)
 MySQL  Localhost:3306 ssl  sakila  SQL > create database evaluacion_1;
Query OK, 1 row affected (0.0148 sec)
 MySQL  Localhost:3306 ssl  sakila  SQL > \use evaluacion_1
Default schema set to `evaluacion_1`.
Fetching global names, object names from `evaluacion_1` for auto-completion... Press ^C to stop.
 MySQL  Localhost:3306 ssl  evaluacion_1  SQL > create table primer_tabla;
ERROR: 4028 (HY000): A table must have at least one visible column.
 MySQL  Localhost:3306 ssl  evaluacion_1  SQL > create table primer_tabla(id int, nombre varchar(50));
Query OK, 0 rows affected (0.0284 sec)
 MySQL  Localhost:3306 ssl  evaluacion_1  SQL > show tables;
+------------------------+
| Tables_in_evaluacion_1 |
+------------------------+
| primer_tabla           |
+------------------------+
1 row in set (0.0019 sec)
 MySQL  Localhost:3306 ssl  evaluacion_1  SQL > desc primer_tabla;
+--------+-------------+------+-----+---------+-------+
| Field  | Type        | Null | Key | Default | Extra |
+--------+-------------+------+-----+---------+-------+
| id     | int         | YES  |     | NULL    |       |
| nombre | varchar(50) | YES  |     | NULL    |       |
+--------+-------------+------+-----+---------+-------+
2 rows in set (0.0026 sec)
 MySQL  Localhost:3306 ssl  evaluacion_1  SQL > \use sakila
Default schema set to `sakila`.
Fetching global names, object names from `sakila` for auto-completion... Press ^C to stop.
 MySQL  Localhost:3306 ssl  sakila  SQL > create table metiche(id int, nombre varchar(50));
Query OK, 0 rows affected (0.0275 sec)
 MySQL  Localhost:3306 ssl  sakila  SQL > show tables;
+----------------------------+
| Tables_in_sakila           |
+----------------------------+
| actor                      |
| actor_info                 |
| address                    |
| category                   |
| city                       |
| country                    |
| customer                   |
| customer_list              |
| film                       |
| film_actor                 |
| film_category              |
| film_list                  |
| film_text                  |
| inventory                  |
| language                   |
| metiche                    |
| nicer_but_slower_film_list |
| payment                    |
| rental                     |
| sales_by_film_category     |
| sales_by_store             |
| staff                      |
| staff_list                 |
| store                      |
+----------------------------+
24 rows in set (0.0023 sec)
 MySQL  Localhost:3306 ssl  sakila  SQL > drop table metiche;
Query OK, 0 rows affected (0.0222 sec)
 MySQL  Localhost:3306 ssl  sakila  SQL > show tables;
+----------------------------+
| Tables_in_sakila           |
+----------------------------+
| actor                      |
| actor_info                 |
| address                    |
| category                   |
| city                       |
| country                    |
| customer                   |
| customer_list              |
| film                       |
| film_actor                 |
| film_category              |
| film_list                  |
| film_text                  |
| inventory                  |
| language                   |
| nicer_but_slower_film_list |
| payment                    |
| rental                     |
| sales_by_film_category     |
| sales_by_store             |
| staff                      |
| staff_list                 |
| store                      |
+----------------------------+
23 rows in set (0.0022 sec)
 MySQL  Localhost:3306 ssl  sakila  SQL >